round 1: violations=0 render=FAIL
round 1: malformed fix response (1/10 blocks)
round 1: applied 4 block(s)
round 2: violations=0 render=FAIL
round 2: malformed fix response (1/10 blocks)
round 2: applied 4 block(s)
round 3: violations=0 render=FAIL
round 3: malformed fix response (1/10 blocks)
round 3: applied 4 block(s)
final: violations=0 render=FAIL

== violations ==


== render ==
index.qmd table refreshed (18 rows)
ru-manifest: fresh (11 pairs)
subset-fonts: 0 file(s) updated, fingerprint written


[91mERROR: Error executing 'Rscript': Failed to spawn 'Rscript': entity not found[39m

Unable to locate an installed version of R.
Install R from [1mhttps://cloud.r-project.org/[22m

[33mWARN: Error encountered when rendering files[39m


quarantined: 2026-09-10T09:05:20+00:00
